Server running at http://127.0.0.1:8082/


  /
    ✓ should return 200
Hello World.
    ✓ should say "Hello World."


  2 passing (8ms)

